// Jest Snapshot v1, https://goo.gl/fbAQLP

exports[`Photo Booth App Component Tests Snapshot should have a consistent snapshot for home screen 1`] = `
<div>
  <div
    class="scrollContainer"
  >
    <div
      class="jv_R6g"
      style="--NZu1Zw: 24px;"
    >
      <div
        class="BMOCzQ EC2pjw LuBWVA"
        style="--WtUbjw: 8px;"
      >
        <div
          class="jv_R6g"
          style="--NZu1Zw: 8px; --okeDpw: center;"
        >
          <div
            style="width: 64px; height: 64px; border-radius: 12px; display: flex; align-items: center; justify-content: center; margin: 0px auto;"
          >
            <span
              style="font-size: 32px;"
            >
              📷
            </span>
          </div>
          <h2
            class="_8yjy_A B8t6MQ u16U_g"
          >
            Photo Booth
          </h2>
          <p
            class="JYIidw B8t6MQ QxuLlQ"
          >
            Capture and place photos in your designs
          </p>
        </div>
      </div>
      <div
        class="BMOCzQ jhljBg DL9KoQ EC2pjw LuBWVA"
        style="--gms-pw: 16px;"
      >
        <div
          class="jv_R6g"
          style="--NZu1Zw: 8px; --okeDpw: center;"
        >
          <div
            style="display: flex; align-items: center; justify-content: center; gap: 8px;"
          >
            <div
              style="width: 12px; height: 12px; border-radius: 50%; background-color: rgb(117, 117, 117);"
            />
            <p
              class="aWBg0w aZskFA u16U_g"
            >
              Setup required
            </p>
          </div>
        </div>
      </div>
      <div
        class="jv_R6g"
        style="--NZu1Zw: 16px;"
      >
        <div
          class="bZlJMA aMUpPw BMOCzQ NUKeTg V9xfvg fOwrSw EC2pjw LuBWVA"
          role="note"
          style="--TPsgaw: 12px; --Wk647Q: 8px; --ZGnFiQ: var(--v7HVIg);"
        >
          <div
            class="JYIidw aZskFA T5LNnw"
          >
            <div
              class="Ka9auQ"
              style="--PmK0MA: 8px; --TPF5Nw: baseline;"
            >
              <div
                class="aDc6Yg oNSf9w"
              >
                <span
                  aria-hidden="true"
                  class="uRWxVA dkWypw"
                >
                  <svg
                    height="16"
                    viewBox="0 0 16 16"
                    width="16"
                    xmlns="http://www.w3.org/2000/svg"
                  >
                    <path
                      d="M8 15A7 7 0 1 1 8 1a7 7 0 0 1 0 14zm0-1.25a5.75 5.75 0 1 0 0-11.5 5.75 5.75 0 0 0 0 11.5zM8 6a1 1 0 1 1 0-2 1 1 0 0 1 0 2zm-.75 2.06a.75.75 0 1 1 1.5 0v3a.75.75 0 0 1-1.5 0v-3z"
                      fill="currentColor"
                    />
                  </svg>
                </span>
              </div>
              <div
                class="aDc6Yg"
              >
                Welcome! Set up your photo booth by selecting a template page and marking image placeholders.
              </div>
            </div>
          </div>
        </div>
        <button
          class="_5KtATA LQzFZw VgvqkQ _8ERLTg rV61VQ LQzFZw VgvqkQ _4_iekA _3oHQrw j34Zww aqbYPg _3FvZZg"
          type="button"
        >
          <span
            class="khPe7Q"
          >
            Get Started
          </span>
        </button>
      </div>
      <div
        class="BMOCzQ EC2pjw LuBWVA"
        style="--KtVHvQ: 8px;"
      >
        <div
          class="jv_R6g"
          style="--NZu1Zw: 12px;"
        >
          <button
            class="_5KtATA LQzFZw VgvqkQ _8ERLTg unS_Qw LQzFZw VgvqkQ _4_iekA _3oHQrw j34Zww aqbYPg _3FvZZg"
            type="button"
          >
            <span
              class="khPe7Q"
            >
              How It Works
            </span>
          </button>
          <p
            class="JYIidw B8t6MQ QxuLlQ"
          >
            Design template → Select frames → Capture → Place photos
          </p>
        </div>
      </div>
    </div>
  </div>
</div>
`;
